============================= test session starts =============================
platform win32 -- Python 3.13.5, pytest-8.4.2, pluggy-1.6.0 -- C:\Users\RTX 4060\AppData\Local\Programs\Python\Python313\python.exe
cachedir: .pytest_cache
rootdir: C:\Users\RTX 4060\Desktop\PROJECT\academic group management
plugins: anyio-4.11.0, asyncio-1.3.0
asyncio: mode=Mode.STRICT, debug=False, asyncio_default_fixture_loop_scope=None, asyncio_default_test_loop_scope=function
collecting ... collected 23 items

tests/test_classifier.py::TestClassification::test_assignment_detected PASSED [  4%]
tests/test_classifier.py::TestClassification::test_exam_detected PASSED  [  8%]
tests/test_classifier.py::TestClassification::test_exam_coverage PASSED  [ 13%]
tests/test_classifier.py::TestClassification::test_schedule_update PASSED [ 17%]
tests/test_classifier.py::TestClassification::test_general_event PASSED  [ 21%]
tests/test_classifier.py::TestClassification::test_discussion_message PASSED [ 26%]
tests/test_classifier.py::TestClassification::test_short_casual PASSED   [ 30%]
tests/test_classifier.py::TestEntityExtraction::test_course_extraction PASSED [ 34%]
tests/test_classifier.py::TestEntityExtraction::test_date_extraction_us_format PASSED [ 39%]
tests/test_classifier.py::TestEntityExtraction::test_date_extraction_text_format PASSED [ 43%]
tests/test_classifier.py::TestEntityExtraction::test_room_extraction PASSED [ 47%]
tests/test_classifier.py::TestEntityExtraction::test_coverage_extraction PASSED [ 52%]
tests/test_classifier.py::TestMixedLanguage::test_amharic_keywords PASSED [ 56%]
tests/test_classifier.py::TestMixedLanguage::test_assignment_amharic PASSED [ 60%]
tests/test_confidence.py::TestConfidence::test_auto_approve PASSED       [ 65%]
tests/test_confidence.py::TestConfidence::test_needs_review PASSED       [ 69%]
tests/test_confidence.py::TestConfidence::test_needs_manual PASSED       [ 73%]
tests/test_confidence.py::TestConfidence::test_action_label PASSED       [ 78%]
tests/test_formatter.py::TestReminderFormatter::test_basic_reminder PASSED [ 82%]
tests/test_formatter.py::TestReminderFormatter::test_reminder_with_room PASSED [ 86%]
tests/test_formatter.py::TestReminderFormatter::test_reminder_with_coverage PASSED [ 91%]
tests/test_formatter.py::TestAcademicNotification::test_assignment_notification PASSED [ 95%]
tests/test_formatter.py::TestAcademicNotification::test_exam_notification PASSED [100%]

============================= 23 passed in 0.50s ==============================
